# Tank Game Map
name Day Arena
tile_size 2.0
music march

# Tile definitions
tile . wood_oak_brown
tile # wood_rustic_dark

# Object tags
tag P1 spawn angle=0.785 team=0
tag P2 spawn angle=2.356 team=0
tag P3 spawn angle=-0.785 team=0
tag P4 spawn angle=-2.356 team=0
tag E1 enemy angle=0.0 type=hunter
tag E2 enemy angle=3.14 type=hunter
tag E3 enemy angle=1.57 type=hunter
tag W1 powerup type=machine_gun respawn=20


<grid>
2# 2# 2# 2# 2# 2# 2# 2# 2# 2# 2# 2# 2# 2# 2# 2# 2# 2# 2# 2# 2# 2# 2# 2#
2# 0.|P1 0. 0. 0. 0. 0. 0. 0. 0. 0. 0. 0. 0. 0. 0. 0. 0. 0. 0. 0. 0. 0.|P2 2#
2# 0. 0. 1# 1# 0. 0. 0. 1# 1# 0. 0. 0. 0. 1# 1# 0. 0. 1# 1# 0. 0. 0. 2#
2# 0. 0. 1# 1# 0. 0. 0. 1# 1# 0. 0. 0. 0. 1# 1# 0. 0. 1# 1# 0. 0. 0. 2#
2# 0. 0. 0. 0. 0. 0. 0. 0. 1# 1# -1. -1. 0. 0. 0. 0. 0. 0. 0. 0. 0. 0. 2#
2# 0. 0. 0. 0. 1# 0. 0. 0. 1# 1# -1. -1. 0.|E1 0. 1# 0. 0. 0. 0. 0. 0. 0. 2#
2# 0. 0. 1# 1# 0. 0. 0. 0. 0. 0. -1. -1. 0. 1# 1# 0. 0. 0. 0. 0. 0. 0. 2#
2# 0. 0. 1# 1# 0. 0. 0. 0. 0. 0. 0.|W1 0. 1# 1# 0. 0. 0. 0. 0. 0. 0. 0. 2#
2# 0. 0. 0. 0. 0. 1# 0. 0. 1# 1# 0.|E2 0. 0. 0. 0. 0. 0. 0. 0. 0. 0. 0. 2#
2# 0. 0. 0. 0. 0. 0. 0. 0. 1# 1# 0. 0. 0. 0. 0. 0. 1# 1# 0. 0. 0. 0. 2#
2# 0. 0. 0. 0. 0. 0. 0. 0. 0. 0. 0. 0. 0. 0. 0. 0. 1# 1# 0. 0. 0. 0. 2#
2# 0. 0. 1# 1# 0. 1# 1# 0. 0. 0. 0. 0.|E3 0. 0. 0. 0. 0. 0. 0. 0. 1# 0. 2#
2# 0.|P3 0. 1# 1# 0. 1# 1# 0. 1# 1# 0. 0. 0. 0. 1# 1# 0. 0. 0. 0. 1# 0.|P4 2#
2# 2# 2# 2# 2# 2# 2# 2# 2# 2# 2# 2# 2# 2# 2# 2# 2# 2# 2# 2# 2# 2# 2# 2#
</grid>

# Lighting - Day mode
sun_direction 0.4 -0.8 0.3
sun_color 1.0 0.95 0.85
ambient_color 0.4 0.45 0.5
ambient_darkness 0.0

# Background - Day sky gradient (light blue top to warm horizon)
background_gradient vertical 0.4 0.6 0.9 0.7 0.75 0.85

# Water settings
water_level 0
water_color 0.0 0.3 0.9
