# Tank Game Map
name Fjord
tile_size 2.0

# Tile definitions - Light wood theme
tile . wood_pine_light
tile # wood_rustic_dark
tile ~ wood_oak_brown

# Object tags
tag P1 spawn angle=0.0 team=0
tag P2 spawn angle=3.14 team=0
tag S1 enemy angle=3.14 type=sniper
tag S2 enemy angle=3.14 type=skirmisher
tag B1 barrier tile=cobble health=20
tag B2 barrier tile=cobble health=20
tag B3 barrier tile=cobble health=20
tag B4 barrier tile=cobble health=20
tag B5 barrier tile=cobble health=20
tag B6 barrier tile=cobble health=20
tag B7 barrier tile=cobble health=20
tag B8 barrier tile=cobble health=20

<grid>
6# 6# 6# 6# 6# 6# 6# 6# 6# 6# 6# 6# 6# 6# 6# 6# 6# 6# 6# 6# 6# 6# 6# 6#
6# 0.|P1 0. 3# 3# 0.|B1 0. 0. -9~ -9~ -9~ -9~ -9~ -9~ 0. 0. 0.|B5 0. 0. 0. 0. 0. 0. 6#
6# 0. 0. 2# 2# 0. 0. 0. 0. -9~ -9~ -9~ -9~ -9~ -9~ 0. 0. 0. 0. 0. 0. 0. 0. 6#
6# 0. 0. 0.|B2 0. 0. 0. 0. -9~ -9~ -9~ -9~ -9~ -9~ 0. 0. 0.|B6 0. 0. 0. 0. 0. 0. 6#
6# 0. 0. 1# 0. 0. 0. 0. 0. -9~ -9~ -9~ -9~ -9~ -9~ 0. 0. 0. 0. 0. 0. 0. 0. 6#
6# 0. 0. 1# 0. 0.|B3 0. 0. -9~ -9~ -9~ -9~ -9~ -9~ 0.|S1 0. 0. 0. 0. 0. 0. 0. 0. 6#
6# 0. 0. 0. 0. 0. 0. 0. 0. -9~ -9~ -9~ -9~ -9~ -9~ 0. 0. 0.|B7 0. 0. 0. 0. 0. 6#
6# 0. 0. 0. 0. 0. 0. 0. 0. -9~ -9~ -9~ -9~ -9~ -9~ 0. 0. 0. 0. 0. 0. 0. 0. 6#
6# 0. 0. 0. 0. 0. 0. 0. 0. -9~ -9~ -9~ -9~ -9~ -9~ 0. 0. 0. 0. 0. 0. 0. 0. 6#
6# 0. 0. 0.|B4 0. 0. 0. 0. -9~ -9~ -9~ -9~ -9~ -9~ 0.|B8 0. 0. 0. 0. 0. 0. 0. 0. 6#
6# 0. 0. 0. 0. 0. 0. 0. 0. -9~ -9~ -9~ -9~ -9~ -9~ 0. 0. 0. 0. 0. 0. 0. 0. 6#
6# 0. 0. 0. 0. 0. 0. 0. 0. -9~ -9~ -9~ -9~ -9~ -9~ 0.|S2 0. 0. 0. 0. 0. 0. 0. 6#
6# 0. 0. 0. 0. 0. 0. 0. 0. -9~ -9~ -9~ -9~ -9~ -9~ 0. 0. 0. 0. 0. 0. 0. 0. 6#
6# 0.|P2 0. 0. 0. 0. 0. 0. -9~ -9~ -9~ -9~ -9~ -9~ 0. 0. 0. 0. 0. 0. 0. 0. 0. 6#
6# 6# 6# 6# 6# 6# 6# 6# 6# 6# 6# 6# 6# 6# 6# 6# 6# 6# 6# 6# 6# 6# 6# 6#
</grid>

# Lighting - Cool Nordic light
sun_direction 0.3 -0.8 0.4
sun_color 0.95 0.95 1.0
ambient_color 0.5 0.55 0.6
ambient_darkness 0.15

# Background - Cool blue fjord sky
background_gradient vertical 0.6 0.75 0.9 0.8 0.85 0.9

# Water settings - Deep cold water
water_level -8
water_color 0.15 0.3 0.45
