# Tank Game Map
name Golden Hour Assault
tile_size 2.0
music march

# Tile definitions - rich warm tones
tile . wood_oak_veneer
tile # wood_oak_brown
tile * carpet_beige
tile : mud_wet

# Object tags
tag P1 spawn angle=0.0 team=0
tag P2 spawn angle=1.57 team=0
tag E1 enemy angle=3.14 type=hunter
tag E2 enemy angle=-1.57 type=hunter
tag E3 enemy angle=1.57 type=hunter
tag E4 enemy angle=0.0 type=skirmisher
tag W1 powerup type=machine_gun respawn=20
tag W2 powerup type=ricochet respawn=20


<grid>
2# 2# 2# 2# 2# 2# 2# 2# 2# 2# 2# 2# 2# 2# 2# 2# 2# 2# 2# 2# 2# 2# 2# 2#
2# 0.|P1 0. 0. 0. 0* 0* -1: -1: -2: -2: -2: -2: -1: -1: 0* 0* 0. 0. 0. 0. 0. 0. 2#
2# 0. 0. 2# 2# 0. 0* -1: -2: -3: -3: -3: -3: -2: -1: 0* 0. 2# 2# 0. 0. 0. 0. 2#
2# 0. 0. 2# 2# 0. 0. -1: -2: -2: 0. 0. -2: -2: -1: 0. 0. 2# 2# 0. 0. 0. 0. 2#
2# 0. 0. 0. 0. 0. 0. 0. 0. 0. 0.|E4 0. 0. 0. 0. 0. 0. 0. 0. 0.|E1 0. 0. 0. 2#
2# 0. 0. 0. 0. 2# 2# 0. 0. 0. 0. 0. 0. 0. 0. 2# 2# 0. 0. 0. 0. 0. 0. 2#
2# 0. 0. 2# 0. 0.|W1 0. 0. 0. 0. 2# 2# 0. 0. 0. 0. 0. 2# 0. 0.|E2 0. 0. 0. 2#
2# 0. 0. 2# 0. 0. 0. 0. 0. 0. 0. 2# 2# 0. 0. 0.|W2 0. 2# 0. 0. 0. 0. 0. 2#
2# 0. 0. 0. 0. 2# 2# 0. 0. 0. 0. 0. 0. 0. 0. 2# 2# 0. 0. 0. 0. 0. 0. 2#
2# 0. 0. 0. 0. 0. 0. 0. 0. 0. 0.|E3 0. 0. 0. 0. 0. 0. 0. 0. 0. 0. 0. 0. 2#
2# 0. 0. 2# 2# 0. 0. -1: -2: -2: 0. 0. -2: -2: -1: 0. 0. 2# 2# 0. 0. 0. 0. 2#
2# 0. 0. 2# 2# 0. 0* -1: -2: -3: -3: -3: -3: -2: -1: 0* 0. 2# 2# 0. 0. 0.|P2 0. 2#
2# 0. 0. 0. 0. 0* 0* -1: -1: -2: -2: -2: -2: -1: -1: 0* 0* 0. 0. 0. 0. 0. 0. 2#
2# 2# 2# 2# 2# 2# 2# 2# 2# 2# 2# 2# 2# 2# 2# 2# 2# 2# 2# 2# 2# 2# 2# 2#
</grid>

# Lighting - Golden hour (strong warm sunlight)
sun_direction 0.3 -0.5 0.6
sun_color 1.0 0.85 0.5
ambient_color 0.55 0.45 0.35
ambient_darkness 0.1

# Background - Golden hour gradient (warm yellow to orange)
background_gradient vertical 0.95 0.75 0.4 0.9 0.5 0.3

# Water settings - golden reflective water
water_level -1
water_color 0.4 0.3 0.15
