# Tank Game Map
version 2
name Night Arena
size 24 14
tile_size 2.0
music march

# Tile definitions
tile . wood_oak_amber
tile # wood_rustic_dark
tile : mud_wet
tile * carpet_gray

# Object tags
tag P1 spawn angle=0.785 team=0
tag P2 spawn angle=2.356 team=0
tag P3 spawn angle=-0.785 team=0
tag P4 spawn angle=-2.356 team=0
tag E1 enemy angle=3.14 level=1
tag E2 enemy angle=-0.785 level=2
tag E3 enemy angle=1.57 level=3

grid
2# 2# 2# 2# 2# 2# 2# 2# 2# 2# 2# 2# 2# 2# 2# 2# 2# 2# 2# 2# 2# 2# 2# 2#
2# 0.|P1 0. 0. 0. 0. 0. 0. 0. 0. 0. 0. 0. 0. 0. 0. 0. 0. 0. 0. 0. 0. 0.|P2 2#
2# 0. 0. 2# 2# 0. 0. 0. 0. 0. 0. 0. 0. 0. 0. 0. 0. 0. 0* 0. 0. 0. 0. 2#
2# 0. 0. 2# 2# 0. 0. 0. 0. 0. 0. 0. 0. 0. 0. 0. 0. 0.|E1 0* 0. 0. 0. 0. 2#
2# 0. 0. 0. 0. 0. -1. -1. -1. -1. -1. -1. -1. -1. 0. 0. 0. 0* 0* 0* 0. 0. 0. 2#
2# 0. 0. 0. 0. 0. -1. -2. -2. -2. -2. -2. -2. -1. 0. 0. 0. 0. 0* 0. 0. 0. 0.|E2 2#
2# 0. 0. 0. 0. 0. -1. -2. -3. -3. -3. -3. -2. -1. 0. 0. 0. 0. 0. 0. 0. 0. 0. 2#
2# 0. 0. 0. 0. 0. -1. -2. -3. -3. -3. -3. -2. -1. 0. 0. 0. 0. 0. 0. 0. 0. 0. 2#
2# 0. 0. 0. 0. 0. -1. -2. -2. -2. -2. -2. -2. -1. 0. 0. 0. 0. 0. 0. 0. 0. 0. 2#
2# 0. 0. 0. 0. 0. -1. -1. -1. -1. -1. -1. -1. -1. 0. 0. 0. 0. 2# 2# 0. 2# 2# 2#
2# 0. 0. 0. 0. 0. 0. 0. 0. 0. 0. 0. 0. 0.|E3 0. 0. 0. 0. 0. 2# 2# 2# 2# 2#
2# 0. 0. 2# 2# 0. 0. 0. 0. 0. 0. 0. 0. 0. 0. 0. 0. 0. 0. 0. 0. 0. 0. 2#
2# 0.|P3 0. 2# 2# 0. 0. 0. 2# 2# 0. 0. 0. 0. 2# 2# 0. 0. 0. 0. 0. 0. 0.|P4 2#
2# 2# 2# 2# 2# 2# 2# 2# 2# 2# 2# 2# 2# 2# 2# 2# 2# 2# 2# 2# 2# 2# 2# 2#

# Lighting - Night mode
ambient_color 0.12 0.12 0.15
ambient_darkness 0.85

# Background - Night sky gradient (dark blue top to purple-ish horizon)
background_gradient vertical 0.02 0.03 0.08 0.12 0.08 0.15

# Water settings
water_level -1
water_color 0.15 0.25 0.4
