# Tank Game Map
name Sunset Fortress
tile_size 2.0
music march

# Tile definitions - warm wood tones for sunset
tile . wood_oak_amber
tile # wood_rustic_dark
tile * carpet_beige
tile : mud_dry

# Object tags
tag P1 spawn angle=0.0 team=0
tag P2 spawn angle=3.14 team=0
tag E1 enemy angle=3.14 type=sentry
tag E2 enemy angle=2.0 type=sentry


<grid>
2# 2# 2# 2# 2# 2# 2# 2# 2# 2# 2# 2# 2# 2# 2# 2# 2# 2# 2# 2# 2# 2# 2# 2#
2# 0.|P1 0. 0. 0. 0* 0* 0. 0. 0. 0. 0. 0. 0. 0. 0. 0* 0* 0. 0. 0. 0. 0.|P2 2#
2# 0. 0. 0. 0. 0* 0* 0. 0. 0. 0. 2# 2# 0. 0. 0. 0* 0* 0. 0. 0. 0. 0. 2#
2# 0. 0. 2# 2# 0. 0. 0. 0. 0. 0. 2# 2# 0. 0. 0. 0. 0. 2# 2# 0. 0. 0. 2#
2# 0. 0. 2# 2# 0. 0. 0. 0. 0. 0. 0. 0. 0. 0. 0. 0. 0. 2# 2# 0. 0. 0. 2#
2# 0. 0. 0. 0. 0. 0: 0: 0. 0. 0. 0. 0. 0. 0. 0: 0: 0. 0. 0. 0. 0. 0. 2#
2# 0. 0. 0. 0. 0. 0: 0:|E1 0. 0. 0. 0. 0. 0. 0: 0:|E2 0. 0. 0. 0. 0. 0. 0. 2#
2# 0. 0. 0. 0. 0. 0: 0: 0. 0. 0. 0. 0. 0. 0. 0: 0: 0. 0. 0. 0. 0. 0. 2#
2# 0. 0. 0. 0. 0. 0. 0. 0. 0. 0. 0. 0. 0. 0. 0. 0. 0. 0. 0. 0. 0. 0. 2#
2# 0. 0. 2# 2# 0. 0. 0. 0. 0. 0. 2# 2# 0. 0. 0. 0. 0. 2# 2# 0. 0. 0. 2#
2# 0. 0. 2# 2# 0. 0. 0. 0. 0. 0. 2# 2# 0. 0. 0. 0. 0. 2# 2# 0. 0. 0. 2#
2# 0. 0. 0. 0. 0* 0* 0. 0. 0. 0. 0. 0. 0. 0. 0. 0* 0* 0. 0. 0. 0. 0. 2#
2# 0. 0. 0. 0. 0* 0* 0. 0. 0. 0. 0. 0. 0. 0. 0. 0* 0* 0. 0. 0. 0. 0. 2#
2# 2# 2# 2# 2# 2# 2# 2# 2# 2# 2# 2# 2# 2# 2# 2# 2# 2# 2# 2# 2# 2# 2# 2#
</grid>

# Lighting - Sunset/Dusk (warm orange light)
sun_direction 0.8 -0.4 0.2
sun_color 1.0 0.6 0.3
ambient_color 0.5 0.35 0.3
ambient_darkness 0.25

# Background - Sunset gradient (warm orange to purple)
background_gradient vertical 0.9 0.4 0.2 0.4 0.2 0.4

# No water
water_level -100
